// Jest Snapshot v1, https://goo.gl/fbAQLP

exports[`Get getAllTransactions integration testing should get p2p among other transactions for all accounts 1`] = `
Array [
  CardTransaction {
    "amount": AmountPositive {
      "amount": 76.61,
    },
    "bankAccountId": "8254",
    "card": Object {
      "cardId": null,
      "merchant": null,
      "pan": null,
    },
    "conversionRate": null,
    "currency": "EUR",
    "date": "2020-09-01",
    "direction": "OUT",
    "fees": null,
    "isDeposit": false,
    "label": "HALL'S BEER",
    "originalAmount": AmountPositive {
      "amount": 64.92,
    },
    "refId": "123456",
    "rejectionReason": null,
    "status": "CLEARED",
    "type": "CARD",
  },
  CardTransaction {
    "amount": AmountPositive {
      "amount": 17.93,
    },
    "bankAccountId": "7866",
    "card": Object {
      "cardId": null,
      "merchant": null,
      "pan": null,
    },
    "conversionRate": null,
    "currency": null,
    "date": "2020-09-01",
    "direction": "OUT",
    "fees": null,
    "isDeposit": false,
    "label": "BIECENTRAL LEVIS",
    "originalAmount": null,
    "refId": "126797",
    "rejectionReason": null,
    "status": "CLEARED",
    "type": "CARD",
  },
  NonCardTransaction {
    "amount": AmountPositive {
      "amount": 1.8,
    },
    "bankAccountId": "7866",
    "conversionRate": null,
    "currency": null,
    "date": "2020-09-01",
    "direction": "OUT",
    "fees": null,
    "isDeposit": false,
    "label": "ABONNEMENT VOTRE FORMULE ZEN",
    "originalAmount": null,
    "refId": "126798",
    "rejectionReason": null,
    "status": "CLEARED",
    "type": "BANK",
  },
  CardTransaction {
    "amount": AmountPositive {
      "amount": 64.92,
    },
    "bankAccountId": "8253",
    "card": Object {
      "cardId": null,
      "merchant": null,
      "pan": null,
    },
    "conversionRate": null,
    "currency": null,
    "date": "2020-09-01",
    "direction": "OUT",
    "fees": null,
    "isDeposit": false,
    "label": "HALL'S BEER",
    "originalAmount": null,
    "refId": "126296",
    "rejectionReason": null,
    "status": "CLEARED",
    "type": "CARD",
  },
  CardTransaction {
    "amount": AmountPositive {
      "amount": 76.61,
    },
    "bankAccountId": "8254",
    "card": Object {
      "cardId": null,
      "merchant": null,
      "pan": null,
    },
    "conversionRate": null,
    "currency": "EUR",
    "date": "2020-09-01",
    "direction": "OUT",
    "fees": null,
    "isDeposit": false,
    "label": "HALL'S BEER",
    "originalAmount": AmountPositive {
      "amount": 64.92,
    },
    "refId": "126348",
    "rejectionReason": null,
    "status": "CLEARED",
    "type": "CARD",
  },
  CardTransaction {
    "amount": AmountPositive {
      "amount": 64.92,
    },
    "bankAccountId": "8253",
    "card": Object {
      "cardId": null,
      "merchant": null,
      "pan": null,
    },
    "conversionRate": null,
    "currency": null,
    "date": "2020-09-01",
    "direction": "OUT",
    "fees": null,
    "isDeposit": false,
    "label": "HALL'S BEER",
    "originalAmount": null,
    "refId": "126347",
    "rejectionReason": null,
    "status": "PENDING",
    "type": "CARD",
  },
  NonCardTransaction {
    "amount": AmountPositive {
      "amount": 2,
    },
    "bankAccountId": "1388",
    "clearingDate": null,
    "conversionRate": null,
    "counterParty": Object {
      "fullname": "Testvirement",
      "iban": "FR02xxxxxxxxxxxxxxxx3L43",
      "id": "992",
    },
    "currency": "EUR",
    "date": 2020-09-01T17:06:03.000Z,
    "direction": "OUT",
    "fees": null,
    "isDeposit": false,
    "label": "Not provided",
    "originalAmount": AmountPositive {
      "amount": 2,
    },
    "refId": "a-9F3q0Ov",
    "rejectionReason": null,
    "status": "CLEARED",
    "type": "TRANSFER",
  },
  NonCardTransaction {
    "amount": AmountPositive {
      "amount": 2,
    },
    "bankAccountId": "1388",
    "clearingDate": null,
    "conversionRate": null,
    "counterParty": Object {
      "fullname": "Testvirement",
      "iban": "FR02xxxxxxxxxxxxxxxx3L43",
      "id": "992",
    },
    "currency": "EUR",
    "date": 2020-09-01T17:06:16.000Z,
    "direction": "OUT",
    "fees": null,
    "isDeposit": false,
    "label": "Not provided",
    "originalAmount": AmountPositive {
      "amount": 2,
    },
    "refId": "wZRl5OM2y",
    "rejectionReason": null,
    "status": "CLEARED",
    "type": "TRANSFER",
  },
  CardTransaction {
    "amount": AmountPositive {
      "amount": 120.4,
    },
    "bankAccountId": "8241",
    "card": Object {
      "cardId": null,
      "merchant": null,
      "pan": null,
    },
    "conversionRate": null,
    "currency": null,
    "date": "2020-09-03",
    "direction": "OUT",
    "fees": null,
    "isDeposit": false,
    "label": "Op√©ration Carte",
    "originalAmount": null,
    "refId": "126796",
    "rejectionReason": null,
    "status": "CLEARED",
    "type": "CARD",
  },
  NonCardTransaction {
    "amount": AmountPositive {
      "amount": 1000,
    },
    "bankAccountId": "1388",
    "clearingDate": 2020-09-03T08:23:13.512Z,
    "conversionRate": null,
    "counterParty": Object {
      "fullname": "Jane Doe",
      "iban": "iban_value",
      "id": "456",
    },
    "currency": "EUR",
    "date": 2020-09-03T08:23:13.512Z,
    "direction": "IN",
    "fees": null,
    "isDeposit": false,
    "label": "p2p received",
    "originalAmount": AmountPositive {
      "amount": 1000,
    },
    "refId": "gaerh",
    "rejectionReason": null,
    "status": "CLEARED",
    "tag": "tag_value",
    "type": "P2P",
  },
  NonCardTransaction {
    "amount": AmountPositive {
      "amount": 4,
    },
    "bankAccountId": "1388",
    "clearingDate": 2020-09-03T16:20:45.000Z,
    "conversionRate": 1,
    "currency": undefined,
    "date": 2020-09-03T16:20:45.000Z,
    "direction": "OUT",
    "fees": null,
    "isDeposit": false,
    "label": "BNP Paribas",
    "originalAmount": AmountPositive {
      "amount": 4,
    },
    "refId": "Tdle-sdyn",
    "rejectionReason": null,
    "status": "PENDING",
    "type": "ATM",
  },
  NonCardTransaction {
    "amount": AmountPositive {
      "amount": 4,
    },
    "bankAccountId": "1388",
    "clearingDate": 2020-09-03T16:21:07.000Z,
    "conversionRate": 1,
    "currency": undefined,
    "date": 2020-09-03T16:21:07.000Z,
    "direction": "OUT",
    "fees": null,
    "isDeposit": false,
    "label": "BNP Paribas",
    "originalAmount": AmountPositive {
      "amount": 4,
    },
    "refId": "vAPKLJrJP",
    "rejectionReason": null,
    "status": "PENDING",
    "type": "ATM",
  },
  NonCardTransaction {
    "amount": AmountPositive {
      "amount": 6,
    },
    "bankAccountId": "1388",
    "clearingDate": 2020-09-03T16:24:42.000Z,
    "conversionRate": 1,
    "currency": undefined,
    "date": 2020-09-03T16:24:42.000Z,
    "direction": "OUT",
    "fees": null,
    "isDeposit": false,
    "label": "BNP Paribas",
    "originalAmount": AmountPositive {
      "amount": 6,
    },
    "refId": "DSPxRpsta",
    "rejectionReason": null,
    "status": "PENDING",
    "type": "ATM",
  },
]
`;

exports[`Get getAllTransactions integration testing should not get p2p among other transactions for all accounts when date not corresponding 1`] = `
Array [
  CardTransaction {
    "amount": AmountPositive {
      "amount": 76.61,
    },
    "bankAccountId": "8254",
    "card": Object {
      "cardId": null,
      "merchant": null,
      "pan": null,
    },
    "conversionRate": null,
    "currency": "EUR",
    "date": "2020-09-01",
    "direction": "OUT",
    "fees": null,
    "isDeposit": false,
    "label": "HALL'S BEER",
    "originalAmount": AmountPositive {
      "amount": 64.92,
    },
    "refId": "123456",
    "rejectionReason": null,
    "status": "CLEARED",
    "type": "CARD",
  },
  CardTransaction {
    "amount": AmountPositive {
      "amount": 17.93,
    },
    "bankAccountId": "7866",
    "card": Object {
      "cardId": null,
      "merchant": null,
      "pan": null,
    },
    "conversionRate": null,
    "currency": null,
    "date": "2020-09-01",
    "direction": "OUT",
    "fees": null,
    "isDeposit": false,
    "label": "BIECENTRAL LEVIS",
    "originalAmount": null,
    "refId": "126797",
    "rejectionReason": null,
    "status": "CLEARED",
    "type": "CARD",
  },
  NonCardTransaction {
    "amount": AmountPositive {
      "amount": 1.8,
    },
    "bankAccountId": "7866",
    "conversionRate": null,
    "currency": null,
    "date": "2020-09-01",
    "direction": "OUT",
    "fees": null,
    "isDeposit": false,
    "label": "ABONNEMENT VOTRE FORMULE ZEN",
    "originalAmount": null,
    "refId": "126798",
    "rejectionReason": null,
    "status": "CLEARED",
    "type": "BANK",
  },
  CardTransaction {
    "amount": AmountPositive {
      "amount": 64.92,
    },
    "bankAccountId": "8253",
    "card": Object {
      "cardId": null,
      "merchant": null,
      "pan": null,
    },
    "conversionRate": null,
    "currency": null,
    "date": "2020-09-01",
    "direction": "OUT",
    "fees": null,
    "isDeposit": false,
    "label": "HALL'S BEER",
    "originalAmount": null,
    "refId": "126296",
    "rejectionReason": null,
    "status": "CLEARED",
    "type": "CARD",
  },
  CardTransaction {
    "amount": AmountPositive {
      "amount": 76.61,
    },
    "bankAccountId": "8254",
    "card": Object {
      "cardId": null,
      "merchant": null,
      "pan": null,
    },
    "conversionRate": null,
    "currency": "EUR",
    "date": "2020-09-01",
    "direction": "OUT",
    "fees": null,
    "isDeposit": false,
    "label": "HALL'S BEER",
    "originalAmount": AmountPositive {
      "amount": 64.92,
    },
    "refId": "126348",
    "rejectionReason": null,
    "status": "CLEARED",
    "type": "CARD",
  },
  CardTransaction {
    "amount": AmountPositive {
      "amount": 64.92,
    },
    "bankAccountId": "8253",
    "card": Object {
      "cardId": null,
      "merchant": null,
      "pan": null,
    },
    "conversionRate": null,
    "currency": null,
    "date": "2020-09-01",
    "direction": "OUT",
    "fees": null,
    "isDeposit": false,
    "label": "HALL'S BEER",
    "originalAmount": null,
    "refId": "126347",
    "rejectionReason": null,
    "status": "PENDING",
    "type": "CARD",
  },
  NonCardTransaction {
    "amount": AmountPositive {
      "amount": 2,
    },
    "bankAccountId": "1388",
    "clearingDate": null,
    "conversionRate": null,
    "counterParty": Object {
      "fullname": "Testvirement",
      "iban": "FR02xxxxxxxxxxxxxxxx3L43",
      "id": "992",
    },
    "currency": "EUR",
    "date": 2020-09-01T17:06:03.000Z,
    "direction": "OUT",
    "fees": null,
    "isDeposit": false,
    "label": "Not provided",
    "originalAmount": AmountPositive {
      "amount": 2,
    },
    "refId": "a-9F3q0Ov",
    "rejectionReason": null,
    "status": "CLEARED",
    "type": "TRANSFER",
  },
  NonCardTransaction {
    "amount": AmountPositive {
      "amount": 2,
    },
    "bankAccountId": "1388",
    "clearingDate": null,
    "conversionRate": null,
    "counterParty": Object {
      "fullname": "Testvirement",
      "iban": "FR02xxxxxxxxxxxxxxxx3L43",
      "id": "992",
    },
    "currency": "EUR",
    "date": 2020-09-01T17:06:16.000Z,
    "direction": "OUT",
    "fees": null,
    "isDeposit": false,
    "label": "Not provided",
    "originalAmount": AmountPositive {
      "amount": 2,
    },
    "refId": "wZRl5OM2y",
    "rejectionReason": null,
    "status": "CLEARED",
    "type": "TRANSFER",
  },
  CardTransaction {
    "amount": AmountPositive {
      "amount": 120.4,
    },
    "bankAccountId": "8241",
    "card": Object {
      "cardId": null,
      "merchant": null,
      "pan": null,
    },
    "conversionRate": null,
    "currency": null,
    "date": "2020-09-03",
    "direction": "OUT",
    "fees": null,
    "isDeposit": false,
    "label": "Op√©ration Carte",
    "originalAmount": null,
    "refId": "126796",
    "rejectionReason": null,
    "status": "CLEARED",
    "type": "CARD",
  },
  NonCardTransaction {
    "amount": AmountPositive {
      "amount": 1000,
    },
    "bankAccountId": "1388",
    "clearingDate": 2020-09-03T08:23:13.512Z,
    "conversionRate": null,
    "counterParty": Object {
      "fullname": "Jane Doe",
      "iban": "iban_value",
      "id": "456",
    },
    "currency": "EUR",
    "date": 2020-09-03T08:23:13.512Z,
    "direction": "IN",
    "fees": null,
    "isDeposit": false,
    "label": "p2p received",
    "originalAmount": AmountPositive {
      "amount": 1000,
    },
    "refId": "gaerh",
    "rejectionReason": null,
    "status": "CLEARED",
    "tag": "tag_value",
    "type": "P2P",
  },
  NonCardTransaction {
    "amount": AmountPositive {
      "amount": 4,
    },
    "bankAccountId": "1388",
    "clearingDate": 2020-09-03T16:20:45.000Z,
    "conversionRate": 1,
    "currency": undefined,
    "date": 2020-09-03T16:20:45.000Z,
    "direction": "OUT",
    "fees": null,
    "isDeposit": false,
    "label": "BNP Paribas",
    "originalAmount": AmountPositive {
      "amount": 4,
    },
    "refId": "Tdle-sdyn",
    "rejectionReason": null,
    "status": "PENDING",
    "type": "ATM",
  },
  NonCardTransaction {
    "amount": AmountPositive {
      "amount": 4,
    },
    "bankAccountId": "1388",
    "clearingDate": 2020-09-03T16:21:07.000Z,
    "conversionRate": 1,
    "currency": undefined,
    "date": 2020-09-03T16:21:07.000Z,
    "direction": "OUT",
    "fees": null,
    "isDeposit": false,
    "label": "BNP Paribas",
    "originalAmount": AmountPositive {
      "amount": 4,
    },
    "refId": "vAPKLJrJP",
    "rejectionReason": null,
    "status": "PENDING",
    "type": "ATM",
  },
  NonCardTransaction {
    "amount": AmountPositive {
      "amount": 6,
    },
    "bankAccountId": "1388",
    "clearingDate": 2020-09-03T16:24:42.000Z,
    "conversionRate": 1,
    "currency": undefined,
    "date": 2020-09-03T16:24:42.000Z,
    "direction": "OUT",
    "fees": null,
    "isDeposit": false,
    "label": "BNP Paribas",
    "originalAmount": AmountPositive {
      "amount": 6,
    },
    "refId": "DSPxRpsta",
    "rejectionReason": null,
    "status": "PENDING",
    "type": "ATM",
  },
]
`;
